Open Watcom Linker Version 1.9
Portions Copyright (c) 1985-2002 Sybase, Inc. All Rights Reserved.
Created on:       10/05/22 04:34:21
Executable Image: vgabios.rom
creating a DOS executable


                        +------------+
                        |   Groups   |
                        +------------+

Group                           Address              Size
=====                           =======              ====

DGROUP                          c000:1000            00006382



                        +--------------+
                        |   Segments   |
                        +--------------+

Segment                Class          Group          Address         Size
=======                =====          =====          =======         ====

_VGASEG                CODE           AUTO           c000:0000       0000052d
_TEXT                  CODE           DGROUP         c000:1000       0000144a
_DATA                  DATA           DGROUP         c000:4000       00003382
CONST                  DATA           DGROUP         c738:0002       00000000
CONST2                 DATA           DGROUP         c738:0002       00000000


                        +----------------+
                        |   Memory Map   |
                        +----------------+

* = unreferenced symbol
+ = symbol only referenced locally

Address        Symbol
=======        ======

Module: vgabios_c.obj(C:\Dev1\DOS\Zet\rtl\src\VGABios\vgabios_c.c)
c000:4094+     _video_param_table
c000:4d64+     _video_save_pointer_table
c000:1038      _int10_func
c000:22d6*     _get_CS
Module: C:\WATCOM/lib286/dos\clibs.lib(cmodel)
c000:244a      _small_code_
c000:244a*     CodeModelMismatch


                        +--------------------+
                        |   Libraries Used   |
                        +--------------------+

C:\WATCOM/lib286/dos\clibs.lib


                        +-----------------------+
                        |   Linker Statistics   |
                        +-----------------------+

Stack size:  1000 (4096.)
Memory size:  4cfc (19708.)
Entry point address: c000:0000
Link time: 00:00.00
