Module: C:\Dev1\DOS\Zet\rtl\src\VGABios\vgabios_a.asm
GROUP: 'DGROUP' _TEXT,_DATA

File contains no line numbers.
Segment: _TEXT WORD USE16 00000000 bytes

Routine Size: 0 bytes,    Routine Base: _TEXT + 0000

No disassembly errors

Segment: _DATA WORD USE16 00000000 bytes

File contains no line numbers.
Segment: _VGASEG PARA USE16 00000535 bytes
0000    55 AA 40                                        U.@
0003    E9 08 01                  jmp         L$5 
0006                          L$1:
0006    5A 65 74 20 56 47 41 20 62 69 6F 73 20 00       Zet VGA bios .
0014    00 00                     add         byte ptr [bx+si],al 
0016    00 00                     add         byte ptr [bx+si],al 
0018    00 00                     add         byte ptr [bx+si],al 
001A    00 00                     add         byte ptr [bx+si],al 
001C    00 00                     add         byte ptr [bx+si],al 
001E    49 42 4D 00                                     IBM.
0022                          L$2:
0022    53 70 65 63 69 61 6C 20 42 75 69 6C 64 20 4D 61 Special Build Ma
0032    79 20 32 30 2C 20 32 30 31 30 0A 0D 00 28 43 29 y 20, 2010...(C)
0042    20 32 30 30 33 20 74 68 65 20 4C 47 50 4C 20 56  2003 the LGPL V
0052    47 41 42 69 6F 73 20 64 65 76 65 6C 6F 70 65 72 GABios developer
0062    73 20 54 65 61 6D 0A 0D 00                      s Team...
006B                          L$3:
006B    54 68 69 73 20 56 47 41 2F 56 42 45 20 42 69 6F This VGA/VBE Bio
007B    73 20 69 73 20 72 65 6C 65 61 73 65 64 20 75 6E s is released un
008B    64 65 72 20 74 68 65 20 47 4E 55 20 4C 47 50 4C der the GNU LGPL
009B    0A 0D 0A 0D 00                                  .....
00A0                          L$4:
00A0    50 6C 65 61 73 65 20 76 69 73 69 74 20 3A 0A 0D Please visit :..
00B0    20 20 68 74 74 70 3A 2F 2F 7A 65 74 2E 61 6C 75   http://zet.alu
00C0    7A 69 6E 61 2E 6F 72 67 0A 0D 20 20 68 74 74 70 zina.org..  http
00D0    3A 2F 2F 62 6F 63 68 73 2E 73 6F 75 72 63 65 66 ://bochs.sourcef
00E0    6F 72 67 65 2E 6E 65 74 0A 0D 20 20 68 74 74 70 orge.net..  http
00F0    3A 2F 2F 77 77 77 2E 6E 6F 6E 67 6E 75 2E 6F 72 ://www.nongnu.or
0100    67 2F 76 67 61 62 69 6F 73 0A 0D 0A 0D 00       g/vgabios.....
010E                          L$5:
010E    E8 76 00                  call        L$12 
0111    E8 C9 00                  call        L$13 
0114    1E                        push        ds 
0115    33 C0                     xor         ax,ax 
0117    8E D8                     mov         ds,ax 
0119    B8 2F 01                  mov         ax,offset L$6 
011C    A3 40 00                  mov         word ptr ds:[0x40],ax 
011F    B8 00 C0                  mov         ax,0xc000 
0122    A3 42 00                  mov         word ptr ds:[0x42],ax 
0125    1F                        pop         ds 
0126    B8 03 00                  mov         ax,0x0003 
0129    CD 10                     int         0x10 
012B    E8 E7 00                  call        L$14 
012E    CB                        retf        
012F                          L$6:
012F    9C                        pushf       
0130    80 FC 0F                  cmp         ah,0x0f 
0133    75 05                     jne         L$7 
0135    E8 22 01                  call        L$16 
0138    EB 4B                     jmp         L$11 
013A                          L$7:
013A    80 FC 1A                  cmp         ah,0x1a 
013D    75 05                     jne         L$8 
013F    E8 C0 03                  call        L$59 
0142    EB 41                     jmp         L$11 
0144                          L$8:
0144    3D 03 11                  cmp         ax,0x1103 
0147    75 05                     jne         L$9 
0149    E8 35 01                  call        L$17 
014C    EB 37                     jmp         L$11 
014E                          L$9:
014E    3D 1B 10                  cmp         ax,0x101b 
0151    74 0A                     je          L$10 
0153    80 FC 10                  cmp         ah,0x10 
0156    75 05                     jne         L$10 
0158    E8 33 01                  call        L$18 
015B    EB 28                     jmp         L$11 
015D                          L$10:
015D    06                        push        es 
015E    1E                        push        ds 
015F    50                        push        ax 
0160    51                        push        cx 
0161    52                        push        dx 
0162    53                        push        bx 
0163    54                        push        sp 
0164    8B DC                     mov         bx,sp 
0166    36 83 07 0A               add         word ptr ss:[bx],0x000a 
016A    36 8B 5F 02               mov         bx,word ptr ss:0x2[bx] 
016E    55                        push        bp 
016F    56                        push        si 
0170    57                        push        di 
0171    BB 00 C0                  mov         bx,0xc000 
0174    8E DB                     mov         ds,bx 
0176    E8 00 00                  call        _int10_func 
0179    5F                        pop         di 
017A    5E                        pop         si 
017B    5D                        pop         bp 
017C    83 C4 02                  add         sp,0x0002 
017F    5B                        pop         bx 
0180    5A                        pop         dx 
0181    59                        pop         cx 
0182    58                        pop         ax 
0183    1F                        pop         ds 
0184    07                        pop         es 
0185                          L$11:
0185    9D                        popf        
0186    CF                        iret        
0187                          L$12:
0187    BA C2 03                  mov         dx,0x03c2 
018A    B0 C3                     mov         al,0xc3 
018C    EE                        out         dx,al 
018D    BA C4 03                  mov         dx,0x03c4 
0190    B0 04                     mov         al,0x04 
0192    EE                        out         dx,al 
0193    BA C5 03                  mov         dx,0x03c5 
0196    B0 02                     mov         al,0x02 
0198    EE                        out         dx,al 
0199    C3                        ret         
019A    56 47 41 42 69 6F 73 20 24 49 64 3A 20 76 67 61 VGABios $Id: vga
01AA    62 69 6F 73 2E 63 2C 76 20 31 2E 36 36 20 32 30 bios.c,v 1.66 20
01BA    30 36 2F 30 37 2F 31 30 20 30 37 3A 34 37 3A 35 06/07/10 07:47:5
01CA    31 20 76 72 75 70 70 65 72 74 20 45 78 70 20 24 1 vruppert Exp $
01DA    0D 0A 00                                        ...
01DD                          L$13:
01DD    1E                        push        ds 
01DE    B8 40 00                  mov         ax,0x0040 
01E1    8E D8                     mov         ds,ax 
01E3    BB 10 00                  mov         bx,0x0010 
01E6    8B 07                     mov         ax,word ptr [bx] 
01E8    83 E0 CF                  and         ax,0xffcf 
01EB    83 C8 20                  or          ax,0x0020 
01EE    89 07                     mov         word ptr [bx],ax 
01F0    BB 85 00                  mov         bx,0x0085 
01F3    B0 10                     mov         al,0x10 
01F5    88 07                     mov         byte ptr [bx],al 
01F7    BB 87 00                  mov         bx,0x0087 
01FA    B0 60                     mov         al,0x60 
01FC    88 07                     mov         byte ptr [bx],al 
01FE    BB 88 00                  mov         bx,0x0088 
0201    B0 F9                     mov         al,0xf9 
0203    88 07                     mov         byte ptr [bx],al 
0205    BB 89 00                  mov         bx,0x0089 
0208    B0 51                     mov         al,0x51 
020A    88 07                     mov         byte ptr [bx],al 
020C    BB 65 00                  mov         bx,0x0065 
020F    B0 09                     mov         al,0x09 
0211    88 07                     mov         byte ptr [bx],al 
0213    1F                        pop         ds 
0214    C3                        ret         
0215                          L$14:
0215    B8 00 C0                  mov         ax,0xc000 
0218    8E D8                     mov         ds,ax 
021A    BE 06 00                  mov         si,offset L$1 
021D    E8 13 00                  call        L$15 
0220    BE 22 00                  mov         si,offset L$2 
0223    E8 0D 00                  call        L$15 
0226    BE 6B 00                  mov         si,offset L$3 
0229    E8 07 00                  call        L$15 
022C    BE A0 00                  mov         si,offset L$4 
022F    E8 01 00                  call        L$15 
0232    C3                        ret         
0233                          L$15:
0233    8C D8                     mov         ax,ds 
0235    8E C0                     mov         es,ax 
0237    8B FE                     mov         di,si 
0239    33 C9                     xor         cx,cx 
023B    F7 D1                     not         cx 
023D    32 C0                     xor         al,al 
023F    FC                        cld         
0240    F2 AE                     repne scasb 
0242    F7 D1                     not         cx 
0244    49                        dec         cx 
0245    51                        push        cx 
0246    B8 00 03                  mov         ax,0x0300 
0249    BB 00 00                  mov         bx,0x0000 
024C    CD 10                     int         0x10 
024E    59                        pop         cx 
024F    B8 01 13                  mov         ax,0x1301 
0252    BB 0B 00                  mov         bx,0x000b 
0255    8B EE                     mov         bp,si 
0257    CD 10                     int         0x10 
0259    C3                        ret         
025A                          L$16:
025A    1E                        push        ds 
025B    B8 40 00                  mov         ax,0x0040 
025E    8E D8                     mov         ds,ax 
0260    53                        push        bx 
0261    BB 62 00                  mov         bx,0x0062 
0264    8A 07                     mov         al,byte ptr [bx] 
0266    5B                        pop         bx 
0267    8A F8                     mov         bh,al 
0269    53                        push        bx 
026A    BB 87 00                  mov         bx,0x0087 
026D    8A 27                     mov         ah,byte ptr [bx] 
026F    80 E4 80                  and         ah,0x80 
0272    BB 49 00                  mov         bx,0x0049 
0275    8A 07                     mov         al,byte ptr [bx] 
0277    0A C4                     or          al,ah 
0279    BB 4A 00                  mov         bx,0x004a 
027C    8A 27                     mov         ah,byte ptr [bx] 
027E    5B                        pop         bx 
027F    1F                        pop         ds 
0280    C3                        ret         
0281                          L$17:
0281    50                        push        ax 
0282    52                        push        dx 
0283    BA C4 03                  mov         dx,0x03c4 
0286    8A E3                     mov         ah,bl 
0288    B0 03                     mov         al,0x03 
028A    EF                        out         dx,ax 
028B    5A                        pop         dx 
028C    58                        pop         ax 
028D    C3                        ret         
028E                          L$18:
028E    3C 00                     cmp         al,0x00 
0290    75 02                     jne         L$19 
0292    EB 61                     jmp         L$34 
0294                          L$19:
0294    3C 01                     cmp         al,0x01 
0296    75 02                     jne         L$20 
0298    EB 75                     jmp         L$36 
029A                          L$20:
029A    3C 02                     cmp         al,0x02 
029C    75 02                     jne         L$21 
029E    EB 77                     jmp         L$37 
02A0                          L$21:
02A0    3C 03                     cmp         al,0x03 
02A2    75 03                     jne         L$22 
02A4    E9 9D 00                  jmp         L$39 
02A7                          L$22:
02A7    3C 07                     cmp         al,0x07 
02A9    75 03                     jne         L$23 
02AB    E9 BF 00                  jmp         L$40 
02AE                          L$23:
02AE    3C 08                     cmp         al,0x08 
02B0    75 03                     jne         L$24 
02B2    E9 DC 00                  jmp         L$42 
02B5                          L$24:
02B5    3C 09                     cmp         al,0x09 
02B7    75 03                     jne         L$25 
02B9    E9 E3 00                  jmp         L$43 
02BC                          L$25:
02BC    3C 10                     cmp         al,0x10 
02BE    75 03                     jne         L$26 
02C0    E9 1D 01                  jmp         L$45 
02C3                          L$26:
02C3    3C 12                     cmp         al,0x12 
02C5    75 03                     jne         L$27 
02C7    E9 2F 01                  jmp         L$46 
02CA                          L$27:
02CA    3C 13                     cmp         al,0x13 
02CC    75 03                     jne         L$28 
02CE    E9 50 01                  jmp         L$48 
02D1                          L$28:
02D1    3C 15                     cmp         al,0x15 
02D3    75 03                     jne         L$29 
02D5    E9 90 01                  jmp         L$52 
02D8                          L$29:
02D8    3C 17                     cmp         al,0x17 
02DA    75 03                     jne         L$30 
02DC    E9 A4 01                  jmp         L$53 
02DF                          L$30:
02DF    3C 18                     cmp         al,0x18 
02E1    75 03                     jne         L$31 
02E3    E9 C5 01                  jmp         L$55 
02E6                          L$31:
02E6    3C 19                     cmp         al,0x19 
02E8    75 03                     jne         L$32 
02EA    E9 C9 01                  jmp         L$56 
02ED                          L$32:
02ED    3C 1A                     cmp         al,0x1a 
02EF    75 03                     jne         L$33 
02F1    E9 CD 01                  jmp         L$57 
02F4                          L$33:
02F4    C3                        ret         
02F5                          L$34:
02F5    80 FB 14                  cmp         bl,0x14 
02F8    77 14                     ja          L$35 
02FA    50                        push        ax 
02FB    52                        push        dx 
02FC    BA DA 03                  mov         dx,0x03da 
02FF    EC                        in          al,dx 
0300    BA C0 03                  mov         dx,0x03c0 
0303    8A C3                     mov         al,bl 
0305    EE                        out         dx,al 
0306    8A C7                     mov         al,bh 
0308    EE                        out         dx,al 
0309    B0 20                     mov         al,0x20 
030B    EE                        out         dx,al 
030C    5A                        pop         dx 
030D    58                        pop         ax 
030E                          L$35:
030E    C3                        ret         
030F                          L$36:
030F    53                        push        bx 
0310    B3 11                     mov         bl,0x11 
0312    E8 E0 FF                  call        L$34 
0315    5B                        pop         bx 
0316    C3                        ret         
0317                          L$37:
0317    50                        push        ax 
0318    53                        push        bx 
0319    51                        push        cx 
031A    52                        push        dx 
031B    8B DA                     mov         bx,dx 
031D    BA DA 03                  mov         dx,0x03da 
0320    EC                        in          al,dx 
0321    B1 00                     mov         cl,0x00 
0323    BA C0 03                  mov         dx,0x03c0 
0326                          L$38:
0326    8A C1                     mov         al,cl 
0328    EE                        out         dx,al 
0329    26 8A 07                  mov         al,byte ptr es:[bx] 
032C    EE                        out         dx,al 
032D    43                        inc         bx 
032E    FE C1                     inc         cl 
0330    80 F9 10                  cmp         cl,0x10 
0333    75 F1                     jne         L$38 
0335    B0 11                     mov         al,0x11 
0337    EE                        out         dx,al 
0338    26 8A 07                  mov         al,byte ptr es:[bx] 
033B    EE                        out         dx,al 
033C    B0 20                     mov         al,0x20 
033E    EE                        out         dx,al 
033F    5A                        pop         dx 
0340    59                        pop         cx 
0341    5B                        pop         bx 
0342    58                        pop         ax 
0343    C3                        ret         
0344                          L$39:
0344    50                        push        ax 
0345    53                        push        bx 
0346    52                        push        dx 
0347    51                        push        cx 
0348    BA DA 03                  mov         dx,0x03da 
034B    EC                        in          al,dx 
034C    BA C0 03                  mov         dx,0x03c0 
034F    B0 10                     mov         al,0x10 
0351    EE                        out         dx,al 
0352    BA C1 03                  mov         dx,0x03c1 
0355    EC                        in          al,dx 
0356    24 F7                     and         al,0xf7 
0358    80 E3 01                  and         bl,0x01 
035B    B1 03                     mov         cl,0x03 
035D    D2 E3                     shl         bl,cl 
035F    0A C3                     or          al,bl 
0361    BA C0 03                  mov         dx,0x03c0 
0364    EE                        out         dx,al 
0365    B0 20                     mov         al,0x20 
0367    EE                        out         dx,al 
0368    59                        pop         cx 
0369    5A                        pop         dx 
036A    5B                        pop         bx 
036B    58                        pop         ax 
036C    C3                        ret         
036D                          L$40:
036D    80 FB 14                  cmp         bl,0x14 
0370    77 1E                     ja          L$41 
0372    50                        push        ax 
0373    52                        push        dx 
0374    BA DA 03                  mov         dx,0x03da 
0377    EC                        in          al,dx 
0378    BA C0 03                  mov         dx,0x03c0 
037B    8A C3                     mov         al,bl 
037D    EE                        out         dx,al 
037E    BA C1 03                  mov         dx,0x03c1 
0381    EC                        in          al,dx 
0382    8A F8                     mov         bh,al 
0384    BA DA 03                  mov         dx,0x03da 
0387    EC                        in          al,dx 
0388    BA C0 03                  mov         dx,0x03c0 
038B    B0 20                     mov         al,0x20 
038D    EE                        out         dx,al 
038E    5A                        pop         dx 
038F    58                        pop         ax 
0390                          L$41:
0390    C3                        ret         
0391                          L$42:
0391    50                        push        ax 
0392    53                        push        bx 
0393    B3 11                     mov         bl,0x11 
0395    E8 D5 FF                  call        L$40 
0398    8A C7                     mov         al,bh 
039A    5B                        pop         bx 
039B    8A F8                     mov         bh,al 
039D    58                        pop         ax 
039E    C3                        ret         
039F                          L$43:
039F    50                        push        ax 
03A0    53                        push        bx 
03A1    51                        push        cx 
03A2    52                        push        dx 
03A3    8B DA                     mov         bx,dx 
03A5    B1 00                     mov         cl,0x00 
03A7                          L$44:
03A7    BA DA 03                  mov         dx,0x03da 
03AA    EC                        in          al,dx 
03AB    BA C0 03                  mov         dx,0x03c0 
03AE    8A C1                     mov         al,cl 
03B0    EE                        out         dx,al 
03B1    BA C1 03                  mov         dx,0x03c1 
03B4    EC                        in          al,dx 
03B5    26 88 07                  mov         byte ptr es:[bx],al 
03B8    43                        inc         bx 
03B9    FE C1                     inc         cl 
03BB    80 F9 10                  cmp         cl,0x10 
03BE    75 E7                     jne         L$44 
03C0    BA DA 03                  mov         dx,0x03da 
03C3    EC                        in          al,dx 
03C4    BA C0 03                  mov         dx,0x03c0 
03C7    B0 11                     mov         al,0x11 
03C9    EE                        out         dx,al 
03CA    BA C1 03                  mov         dx,0x03c1 
03CD    EC                        in          al,dx 
03CE    26 88 07                  mov         byte ptr es:[bx],al 
03D1    BA DA 03                  mov         dx,0x03da 
03D4    EC                        in          al,dx 
03D5    BA C0 03                  mov         dx,0x03c0 
03D8    B0 20                     mov         al,0x20 
03DA    EE                        out         dx,al 
03DB    5A                        pop         dx 
03DC    59                        pop         cx 
03DD    5B                        pop         bx 
03DE    58                        pop         ax 
03DF    C3                        ret         
03E0                          L$45:
03E0    50                        push        ax 
03E1    52                        push        dx 
03E2    BA C8 03                  mov         dx,0x03c8 
03E5    8A C3                     mov         al,bl 
03E7    EE                        out         dx,al 
03E8    BA C9 03                  mov         dx,0x03c9 
03EB    58                        pop         ax 
03EC    50                        push        ax 
03ED    8A C4                     mov         al,ah 
03EF    EE                        out         dx,al 
03F0    8A C5                     mov         al,ch 
03F2    EE                        out         dx,al 
03F3    8A C1                     mov         al,cl 
03F5    EE                        out         dx,al 
03F6    5A                        pop         dx 
03F7    58                        pop         ax 
03F8    C3                        ret         
03F9                          L$46:
03F9    50                        push        ax 
03FA    53                        push        bx 
03FB    51                        push        cx 
03FC    52                        push        dx 
03FD    BA C8 03                  mov         dx,0x03c8 
0400    8A C3                     mov         al,bl 
0402    EE                        out         dx,al 
0403    5A                        pop         dx 
0404    52                        push        dx 
0405    8B DA                     mov         bx,dx 
0407    BA C9 03                  mov         dx,0x03c9 
040A                          L$47:
040A    26 8A 07                  mov         al,byte ptr es:[bx] 
040D    EE                        out         dx,al 
040E    43                        inc         bx 
040F    26 8A 07                  mov         al,byte ptr es:[bx] 
0412    EE                        out         dx,al 
0413    43                        inc         bx 
0414    26 8A 07                  mov         al,byte ptr es:[bx] 
0417    EE                        out         dx,al 
0418    43                        inc         bx 
0419    49                        dec         cx 
041A    75 EE                     jne         L$47 
041C    5A                        pop         dx 
041D    59                        pop         cx 
041E    5B                        pop         bx 
041F    58                        pop         ax 
0420    C3                        ret         
0421                          L$48:
0421    50                        push        ax 
0422    53                        push        bx 
0423    52                        push        dx 
0424    51                        push        cx 
0425    BA DA 03                  mov         dx,0x03da 
0428    EC                        in          al,dx 
0429    BA C0 03                  mov         dx,0x03c0 
042C    B0 10                     mov         al,0x10 
042E    EE                        out         dx,al 
042F    BA C1 03                  mov         dx,0x03c1 
0432    EC                        in          al,dx 
0433    80 E3 01                  and         bl,0x01 
0436    75 0E                     jne         L$49 
0438    24 7F                     and         al,0x7f 
043A    B1 07                     mov         cl,0x07 
043C    D2 E7                     shl         bh,cl 
043E    0A C7                     or          al,bh 
0440    BA C0 03                  mov         dx,0x03c0 
0443    EE                        out         dx,al 
0444    EB 1A                     jmp         L$51 
0446                          L$49:
0446    50                        push        ax 
0447    BA DA 03                  mov         dx,0x03da 
044A    EC                        in          al,dx 
044B    BA C0 03                  mov         dx,0x03c0 
044E    B0 14                     mov         al,0x14 
0450    EE                        out         dx,al 
0451    58                        pop         ax 
0452    24 80                     and         al,0x80 
0454    75 04                     jne         L$50 
0456    B1 02                     mov         cl,0x02 
0458    D2 E7                     shl         bh,cl 
045A                          L$50:
045A    80 E7 0F                  and         bh,0x0f 
045D    8A C7                     mov         al,bh 
045F    EE                        out         dx,al 
0460                          L$51:
0460    B0 20                     mov         al,0x20 
0462    EE                        out         dx,al 
0463    59                        pop         cx 
0464    5A                        pop         dx 
0465    5B                        pop         bx 
0466    58                        pop         ax 
0467    C3                        ret         
0468                          L$52:
0468    50                        push        ax 
0469    52                        push        dx 
046A    BA C7 03                  mov         dx,0x03c7 
046D    8A C3                     mov         al,bl 
046F    EE                        out         dx,al 
0470    58                        pop         ax 
0471    8A E0                     mov         ah,al 
0473    BA C9 03                  mov         dx,0x03c9 
0476    EC                        in          al,dx 
0477    86 E0                     xchg        al,ah 
0479    50                        push        ax 
047A    EC                        in          al,dx 
047B    8A E8                     mov         ch,al 
047D    EC                        in          al,dx 
047E    8A C8                     mov         cl,al 
0480    5A                        pop         dx 
0481    58                        pop         ax 
0482    C3                        ret         
0483                          L$53:
0483    50                        push        ax 
0484    53                        push        bx 
0485    51                        push        cx 
0486    52                        push        dx 
0487    BA C7 03                  mov         dx,0x03c7 
048A    8A C3                     mov         al,bl 
048C    EE                        out         dx,al 
048D    5A                        pop         dx 
048E    52                        push        dx 
048F    8B DA                     mov         bx,dx 
0491    BA C9 03                  mov         dx,0x03c9 
0494                          L$54:
0494    EC                        in          al,dx 
0495    26 88 07                  mov         byte ptr es:[bx],al 
0498    43                        inc         bx 
0499    EC                        in          al,dx 
049A    26 88 07                  mov         byte ptr es:[bx],al 
049D    43                        inc         bx 
049E    EC                        in          al,dx 
049F    26 88 07                  mov         byte ptr es:[bx],al 
04A2    43                        inc         bx 
04A3    49                        dec         cx 
04A4    75 EE                     jne         L$54 
04A6    5A                        pop         dx 
04A7    59                        pop         cx 
04A8    5B                        pop         bx 
04A9    58                        pop         ax 
04AA    C3                        ret         
04AB                          L$55:
04AB    50                        push        ax 
04AC    52                        push        dx 
04AD    BA C6 03                  mov         dx,0x03c6 
04B0    8A C3                     mov         al,bl 
04B2    EE                        out         dx,al 
04B3    5A                        pop         dx 
04B4    58                        pop         ax 
04B5    C3                        ret         
04B6                          L$56:
04B6    50                        push        ax 
04B7    52                        push        dx 
04B8    BA C6 03                  mov         dx,0x03c6 
04BB    EC                        in          al,dx 
04BC    8A D8                     mov         bl,al 
04BE    5A                        pop         dx 
04BF    58                        pop         ax 
04C0    C3                        ret         
04C1                          L$57:
04C1    50                        push        ax 
04C2    52                        push        dx 
04C3    51                        push        cx 
04C4    BA DA 03                  mov         dx,0x03da 
04C7    EC                        in          al,dx 
04C8    BA C0 03                  mov         dx,0x03c0 
04CB    B0 10                     mov         al,0x10 
04CD    EE                        out         dx,al 
04CE    BA C1 03                  mov         dx,0x03c1 
04D1    EC                        in          al,dx 
04D2    8A D8                     mov         bl,al 
04D4    B1 07                     mov         cl,0x07 
04D6    D2 EB                     shr         bl,cl 
04D8    BA DA 03                  mov         dx,0x03da 
04DB    EC                        in          al,dx 
04DC    BA C0 03                  mov         dx,0x03c0 
04DF    B0 14                     mov         al,0x14 
04E1    EE                        out         dx,al 
04E2    BA C1 03                  mov         dx,0x03c1 
04E5    EC                        in          al,dx 
04E6    8A F8                     mov         bh,al 
04E8    80 E7 0F                  and         bh,0x0f 
04EB    F6 C3 01                  test        bl,0x01 
04EE    75 04                     jne         L$58 
04F0    B1 02                     mov         cl,0x02 
04F2    D2 EF                     shr         bh,cl 
04F4                          L$58:
04F4    BA DA 03                  mov         dx,0x03da 
04F7    EC                        in          al,dx 
04F8    BA C0 03                  mov         dx,0x03c0 
04FB    B0 20                     mov         al,0x20 
04FD    EE                        out         dx,al 
04FE    59                        pop         cx 
04FF    5A                        pop         dx 
0500    58                        pop         ax 
0501    C3                        ret         
0502                          L$59:
0502    3C 00                     cmp         al,0x00 
0504    74 05                     je          L$60 
0506    3C 01                     cmp         al,0x01 
0508    74 16                     je          L$61 
050A    C3                        ret         
050B                          L$60:
050B    1E                        push        ds 
050C    50                        push        ax 
050D    B8 40 00                  mov         ax,0x0040 
0510    8E D8                     mov         ds,ax 
0512    BB 8A 00                  mov         bx,0x008a 
0515    8A 07                     mov         al,byte ptr [bx] 
0517    8A D8                     mov         bl,al 
0519    32 FF                     xor         bh,bh 
051B    58                        pop         ax 
051C    8A C4                     mov         al,ah 
051E    1F                        pop         ds 
051F    C3                        ret         
0520                          L$61:
0520    1E                        push        ds 
0521    50                        push        ax 
0522    53                        push        bx 
0523    B8 40 00                  mov         ax,0x0040 
0526    8E D8                     mov         ds,ax 
0528    8B C3                     mov         ax,bx 
052A    BB 8A 00                  mov         bx,0x008a 
052D    88 07                     mov         byte ptr [bx],al 
052F    5B                        pop         bx 
0530    58                        pop         ax 
0531    8A C4                     mov         al,ah 
0533    1F                        pop         ds 
0534    C3                        ret         

Routine Size: 1333 bytes,    Routine Base: _VGASEG + 0000

No disassembly errors

