------------------------------------------------------------
TimeQuest Timing Analyzer Summary
------------------------------------------------------------

Type  : Slow 1200mV 85C Model Setup 'pll|altpll_component|pll|clk[0]'
Slack : 0.586
TNS   : 0.000

Type  : Slow 1200mV 85C Model Setup 'pll|altpll_component|pll|clk[2]'
Slack : 1.098
TNS   : 0.000

Type  : Slow 1200mV 85C Model Setup 'pll|altpll_component|pll|clk[1]'
Slack : 12.305
TNS   : 0.000

Type  : Slow 1200mV 85C Model Hold 'pll|altpll_component|pll|clk[0]'
Slack : 0.357
TNS   : 0.000

Type  : Slow 1200mV 85C Model Hold 'pll|altpll_component|pll|clk[2]'
Slack : 0.357
TNS   : 0.000

Type  : Slow 1200mV 85C Model Hold 'pll|altpll_component|pll|clk[1]'
Slack : 0.358
TNS   : 0.000

Type  : Slow 1200mV 85C Model Recovery 'pll|altpll_component|pll|clk[2]'
Slack : 75.433
TNS   : 0.000

Type  : Slow 1200mV 85C Model Removal 'pll|altpll_component|pll|clk[2]'
Slack : 3.897
TNS   : 0.000

Type  : Slow 1200mV 0C Model Setup 'pll|altpll_component|pll|clk[0]'
Slack : 0.732
TNS   : 0.000

Type  : Slow 1200mV 0C Model Setup 'pll|altpll_component|pll|clk[2]'
Slack : 1.305
TNS   : 0.000

Type  : Slow 1200mV 0C Model Setup 'pll|altpll_component|pll|clk[1]'
Slack : 14.945
TNS   : 0.000

Type  : Slow 1200mV 0C Model Hold 'pll|altpll_component|pll|clk[0]'
Slack : 0.311
TNS   : 0.000

Type  : Slow 1200mV 0C Model Hold 'pll|altpll_component|pll|clk[1]'
Slack : 0.312
TNS   : 0.000

Type  : Slow 1200mV 0C Model Hold 'pll|altpll_component|pll|clk[2]'
Slack : 0.312
TNS   : 0.000

Type  : Slow 1200mV 0C Model Recovery 'pll|altpll_component|pll|clk[2]'
Slack : 75.915
TNS   : 0.000

Type  : Slow 1200mV 0C Model Removal 'pll|altpll_component|pll|clk[2]'
Slack : 3.539
TNS   : 0.000

Type  : Fast 1200mV 0C Model Setup 'pll|altpll_component|pll|clk[0]'
Slack : 1.276
TNS   : 0.000

Type  : Fast 1200mV 0C Model Setup 'pll|altpll_component|pll|clk[2]'
Slack : 1.863
TNS   : 0.000

Type  : Fast 1200mV 0C Model Setup 'pll|altpll_component|pll|clk[1]'
Slack : 23.448
TNS   : 0.000

Type  : Fast 1200mV 0C Model Hold 'pll|altpll_component|pll|clk[0]'
Slack : 0.185
TNS   : 0.000

Type  : Fast 1200mV 0C Model Hold 'pll|altpll_component|pll|clk[2]'
Slack : 0.185
TNS   : 0.000

Type  : Fast 1200mV 0C Model Hold 'pll|altpll_component|pll|clk[1]'
Slack : 0.187
TNS   : 0.000

Type  : Fast 1200mV 0C Model Recovery 'pll|altpll_component|pll|clk[2]'
Slack : 77.209
TNS   : 0.000

Type  : Fast 1200mV 0C Model Removal 'pll|altpll_component|pll|clk[2]'
Slack : 2.271
TNS   : 0.000

------------------------------------------------------------
