------------------------------------------------------------
TimeQuest Timing Analyzer Summary
------------------------------------------------------------

Type  : Slow 1200mV 85C Model Setup 'pll|altpll_component|pll|clk[0]'
Slack : 0.357
TNS   : 0.000

Type  : Slow 1200mV 85C Model Setup 'pll|altpll_component|pll|clk[2]'
Slack : 0.984
TNS   : 0.000

Type  : Slow 1200mV 85C Model Setup 'pll|altpll_component|pll|clk[1]'
Slack : 16.868
TNS   : 0.000

Type  : Slow 1200mV 85C Model Hold 'pll|altpll_component|pll|clk[0]'
Slack : 0.357
TNS   : 0.000

Type  : Slow 1200mV 85C Model Hold 'pll|altpll_component|pll|clk[1]'
Slack : 0.358
TNS   : 0.000

Type  : Slow 1200mV 85C Model Hold 'pll|altpll_component|pll|clk[2]'
Slack : 0.358
TNS   : 0.000

Type  : Slow 1200mV 85C Model Recovery 'pll|altpll_component|pll|clk[2]'
Slack : 76.965
TNS   : 0.000

Type  : Slow 1200mV 85C Model Removal 'pll|altpll_component|pll|clk[2]'
Slack : 2.540
TNS   : 0.000

Type  : Slow 1200mV 0C Model Setup 'pll|altpll_component|pll|clk[0]'
Slack : 0.521
TNS   : 0.000

Type  : Slow 1200mV 0C Model Setup 'pll|altpll_component|pll|clk[2]'
Slack : 1.202
TNS   : 0.000

Type  : Slow 1200mV 0C Model Setup 'pll|altpll_component|pll|clk[1]'
Slack : 19.193
TNS   : 0.000

Type  : Slow 1200mV 0C Model Hold 'pll|altpll_component|pll|clk[2]'
Slack : 0.311
TNS   : 0.000

Type  : Slow 1200mV 0C Model Hold 'pll|altpll_component|pll|clk[0]'
Slack : 0.312
TNS   : 0.000

Type  : Slow 1200mV 0C Model Hold 'pll|altpll_component|pll|clk[1]'
Slack : 0.312
TNS   : 0.000

Type  : Slow 1200mV 0C Model Recovery 'pll|altpll_component|pll|clk[2]'
Slack : 77.307
TNS   : 0.000

Type  : Slow 1200mV 0C Model Removal 'pll|altpll_component|pll|clk[2]'
Slack : 2.278
TNS   : 0.000

Type  : Fast 1200mV 0C Model Setup 'pll|altpll_component|pll|clk[0]'
Slack : 1.143
TNS   : 0.000

Type  : Fast 1200mV 0C Model Setup 'pll|altpll_component|pll|clk[2]'
Slack : 1.798
TNS   : 0.000

Type  : Fast 1200mV 0C Model Setup 'pll|altpll_component|pll|clk[1]'
Slack : 26.538
TNS   : 0.000

Type  : Fast 1200mV 0C Model Hold 'pll|altpll_component|pll|clk[0]'
Slack : 0.185
TNS   : 0.000

Type  : Fast 1200mV 0C Model Hold 'pll|altpll_component|pll|clk[1]'
Slack : 0.187
TNS   : 0.000

Type  : Fast 1200mV 0C Model Hold 'pll|altpll_component|pll|clk[2]'
Slack : 0.187
TNS   : 0.000

Type  : Fast 1200mV 0C Model Recovery 'pll|altpll_component|pll|clk[2]'
Slack : 78.195
TNS   : 0.000

Type  : Fast 1200mV 0C Model Removal 'pll|altpll_component|pll|clk[2]'
Slack : 1.458
TNS   : 0.000

------------------------------------------------------------
