Open Watcom Linker Version 1.9
Portions Copyright (c) 1985-2002 Sybase, Inc. All Rights Reserved.
Created on:       10/09/09 00:45:47
Executable Image: zetbios.rom
creating a DOS executable


                        +------------+
                        |   Groups   |
                        +------------+

Group                           Address              Size
=====                           =======              ====

DGROUP                          f000:0000            000039b6



                        +--------------+
                        |   Segments   |
                        +--------------+

Segment                Class          Group          Address         Size
=======                =====          =====          =======         ====

_DATA                  DATA           DGROUP         f000:0000       000003d6
_TEXT                  CODE           DGROUP         f000:1000       000029b6
_BIOSSEG               CODE           AUTO           f000:e000       00002000
CONST                  DATA           DGROUP         f03d:0006       00000650
CONST2                 DATA           DGROUP         f0a2:0006       00000000


                        +----------------+
                        |   Memory Map   |
                        +----------------+

* = unreferenced symbol
+ = symbol only referenced locally

Address        Symbol
=======        ======

Module: zetbios_c.obj(C:\Dev1\DOS\Zet\rtl-de0\src\ShadowBios\zetbios_c.c)
f000:1000+     _inb
f000:1012+     _outb
f000:102a*     _inw
f000:103c+     _outw
f000:1054+     _read_byte
f000:1070+     _read_word
f000:108c+     _write_byte
f000:10ae+     _write_word
f000:15d8      _print_bios_banner
f000:1612      _init_boot_vectors
f000:185c      _int16_function
f000:1b9c      _int09_function
f000:20b0      _int13_harddisk
f000:2656      _MakeRamdisk
f000:26bc      _int13_diskette_function
f000:2cfe      _int14_function
f000:2efa      _int15_function
f000:2fba      _int15_function_mouse
f000:3724      _int19_function
f000:383e      _boot_halt
f000:384e      _int1a_function
Module: C:\WATCOM/lib286/dos\clibs.lib(i4d)
f000:38d0*     __I4D
f000:3919      __U4D
Module: C:\WATCOM/lib286/dos\clibs.lib(i4m)
f000:399e*     __I4M
f000:399e      __U4M
Module: C:\WATCOM/lib286/dos\clibs.lib(cmodel)
f000:39b6      _small_code_
f000:39b6*     CodeModelMismatch


                        +--------------------+
                        |   Libraries Used   |
                        +--------------------+

C:\WATCOM/lib286/dos\clibs.lib


                        +-----------------------+
                        |   Linker Statistics   |
                        +-----------------------+

Stack size:  1000 (4096.)
Memory size:  53f0 (21488.)
Entry point address: f000:e000
Link time: 00:00.15
